
icetime topological timing analysis report
==========================================

Info: max_span_hack is enabled: estimate is conservative.

Report for critical path:
-------------------------

        lc40_11_20_5 (LogicCell40) [clk] -> lcout: 0.640 ns
     0.640 ns net_42547 (resetn_counter[5])
        t58 (LocalMux) I -> O: 0.330 ns
        inmux_12_20_50742_50776 (InMux) I -> O: 0.260 ns
        lc40_12_20_1 (LogicCell40) in0 -> lcout: 0.449 ns
     1.678 ns net_46620 ($abc$1681$auto$simplemap.cc:127:simplemap_reduce$118[0]_new_)
        t114 (LocalMux) I -> O: 0.330 ns
        inmux_12_21_50869_50893 (InMux) I -> O: 0.260 ns
        lc40_12_21_0 (LogicCell40) in0 -> lcout: 0.449 ns
     2.716 ns net_46742 ($abc$1681$auto$rtlil.cc:1981:NotGate$1551)
        odrv_12_21_46742_50954 (Odrv4) I -> O: 0.372 ns
        t129 (Span4Mux_v4) I -> O: 0.372 ns
        t128 (LocalMux) I -> O: 0.330 ns
        inmux_12_21_50873_50941 (SRMux) I -> O: 0.463 ns
     4.252 ns net_50941 ($abc$1681$auto$rtlil.cc:1981:NotGate$1551)
        lc40_12_21_4 (LogicCell40) sr [setup]: 0.140 ns
     4.392 ns net_46746 (LED3)

Resolvable net names on path:
     0.640 ns ..  1.229 ns resetn_counter[5]
     1.678 ns ..  2.267 ns $abc$1681$auto$simplemap.cc:127:simplemap_reduce$118[0]_new_
     2.716 ns ..  4.252 ns $abc$1681$auto$rtlil.cc:1981:NotGate$1551
                  lcout -> LED3

Total number of logic levels: 3
Total path delay: 4.39 ns (227.67 MHz)

